[04:19:56] [ServerMain/INFO]: [bootstrap] Running Java 21 (OpenJDK 64-Bit Server VM 21.0.10+7-Ubuntu-124.04; Ubuntu null) on Linux 6.8.0-1030-azure (amd64)
[04:19:56] [ServerMain/INFO]: [bootstrap] Loading Paper 1.21.11-99-main@81b9122 (2026-01-20T19:08:30Z) for Minecraft 1.21.11
[04:19:57] [ServerMain/INFO]: [PluginInitializerManager] Initializing plugins...
[04:20:00] [ServerMain/INFO]: [PluginInitializerManager] Initialized 5 plugins
[04:20:00] [ServerMain/INFO]: [PluginInitializerManager] Bukkit plugins (5):
 - Geyser-Spigot (2.9.3-SNAPSHOT), SkinsRestorer (15.10.0), ViaBackwards (5.7.1), ViaVersion (5.7.1), floodgate (2.2.4-SNAPSHOT (b118-40d320a))
[04:20:06] [ServerMain/INFO]: Environment: Environment[sessionHost=https://sessionserver.mojang.com, servicesHost=https://api.minecraftservices.com, profilesHost=https://api.mojang.com, name=PROD]
[04:20:08] [ServerMain/INFO]: Loaded 1470 recipes
[04:20:08] [ServerMain/INFO]: Loaded 1584 advancements
[04:20:08] [ServerMain/INFO]: [ca.spottedleaf.dataconverter.minecraft.datatypes.MCTypeRegistry] Initialising converters for DataConverter...
[04:20:09] [ServerMain/INFO]: [ca.spottedleaf.dataconverter.minecraft.datatypes.MCTypeRegistry] Finished initialising converters for DataConverter in 417.0ms
[04:20:09] [Server thread/INFO]: Starting minecraft server version 1.21.11
[04:20:09] [Server thread/INFO]: Loading properties
[04:20:09] [Server thread/INFO]: This server is running Paper version 1.21.11-99-main@81b9122 (2026-01-20T19:08:30Z) (Implementing API version 1.21.11-R0.1-SNAPSHOT)
[04:20:09] [Server thread/INFO]: [spark] This server bundles the spark profiler. For more information please visit https://docs.papermc.io/paper/profiling
[04:20:09] [Server thread/INFO]: Server Ping Player Sample Count: 12
[04:20:09] [Server thread/INFO]: Using 4 threads for Netty based IO
[04:20:11] [Server thread/INFO]: [MoonriseCommon] Paper is using 1 worker threads, 1 I/O threads
[04:20:11] [Server thread/INFO]: Default game type: SURVIVAL
[04:20:11] [Server thread/INFO]: Generating keypair
[04:20:11] [Server thread/INFO]: Starting Minecraft server on *:25565
[04:20:11] [Server thread/INFO]: Paper: Using libdeflate (Linux x86_64) compression from Velocity.
[04:20:11] [Server thread/INFO]: Paper: Using OpenSSL 3.x.x (Linux x86_64) cipher from Velocity.
[04:20:12] [Server thread/INFO]: [ViaVersion] Loading server plugin ViaVersion v5.7.1
[04:20:12] [Server thread/INFO]: [ViaVersion] ViaVersion 5.7.1 is now loaded. Registering protocol transformers and injecting...
[04:20:13] [Via-Mappingloader-1/INFO]: [ViaVersion] Loading block connection mappings ...
[04:20:13] [Via-Mappingloader-1/INFO]: [ViaVersion] Using FastUtil Long2ObjectOpenHashMap for block connections
[04:20:13] [Server thread/INFO]: [ViaBackwards] Loading translations...
[04:20:13] [Server thread/INFO]: [ViaBackwards] Registering protocols...
[04:20:14] [Server thread/INFO]: [floodgate] Loading server plugin floodgate v2.2.4-SNAPSHOT (b118-40d320a)
[04:20:15] [Server thread/WARN]: [floodgate] en_ is not a supported Floodgate language.
[04:20:15] [Server thread/INFO]: [floodgate] Took 1,127ms to boot Floodgate
[04:20:15] [Server thread/INFO]: [ViaBackwards] Loading server plugin ViaBackwards v5.7.1
[04:20:15] [Server thread/INFO]: [SkinsRestorer] Loading server plugin SkinsRestorer v15.10.0
[04:20:15] [Server thread/INFO]: [Geyser-Spigot] Loading server plugin Geyser-Spigot v2.9.3-SNAPSHOT
[04:20:15] [Server thread/INFO]: [Geyser-Spigot] Loading extensions...
[04:20:15] [Server thread/INFO]: [Geyser-Spigot] Loaded 0 extension(s)
[04:20:16] [Server thread/INFO]: Server permissions file permissions.yml is empty, ignoring it
[04:20:16] [Server thread/INFO]: [SkinsRestorer] Enabling SkinsRestorer v15.10.0
[04:20:17] [Server thread/INFO]: [SkinsRestorer] Running on Minecraft 1.21.11.
[04:20:17] [Server thread/INFO]: [SkinsRestorer] Floodgate skin listener registered
[04:20:17] [Server thread/INFO]: [SkinsRestorer] Using paper join listener!
[04:20:17] [Server thread/WARN]: **** SERVER IS RUNNING IN OFFLINE/INSECURE MODE!
[04:20:17] [Server thread/WARN]: The server will make no attempt to authenticate usernames. Beware.
[04:20:17] [Server thread/WARN]: While this makes the game possible to play without internet access, it also opens up the ability for hackers to connect with any username they choose.
[04:20:17] [Server thread/WARN]: To change this, set "online-mode" to "true" in the server.properties file.
[04:20:17] [Server thread/INFO]: Preparing level "world"
[04:20:17] [Folia Async Scheduler Thread #1/INFO]: [SkinsRestorer] ----------------------------------------------
[04:20:17] [Folia Async Scheduler Thread #1/INFO]: [SkinsRestorer]     +==================+
[04:20:17] [Folia Async Scheduler Thread #1/INFO]: [SkinsRestorer]     |   SkinsRestorer  |
[04:20:17] [Folia Async Scheduler Thread #1/INFO]: [SkinsRestorer]     |------------------|
[04:20:17] [Folia Async Scheduler Thread #1/INFO]: [SkinsRestorer]     |  Standalone Mode |
[04:20:17] [Folia Async Scheduler Thread #1/INFO]: [SkinsRestorer]     +==================+
[04:20:17] [Folia Async Scheduler Thread #1/INFO]: [SkinsRestorer] ----------------------------------------------
[04:20:17] [Folia Async Scheduler Thread #1/INFO]: [SkinsRestorer]     Version: 15.10.0
[04:20:17] [Folia Async Scheduler Thread #1/INFO]: [SkinsRestorer]     Commit: fcb9320
[04:20:17] [Folia Async Scheduler Thread #1/INFO]: [SkinsRestorer]     This is the latest version!
[04:20:17] [Folia Async Scheduler Thread #1/INFO]: [SkinsRestorer] ----------------------------------------------
[04:20:17] [Folia Async Scheduler Thread #1/INFO]: [SkinsRestorer] Do you have issues? Read our troubleshooting guide: https://skinsrestorer.net/docs/troubleshooting
[04:20:17] [Folia Async Scheduler Thread #1/INFO]: [SkinsRestorer] Want to support SkinsRestorer? Consider donating: https://skinsrestorer.net/donate
[04:20:17] [Server thread/INFO]: [ca.spottedleaf.moonrise.common.util.MoonriseConstants] NUMA enable flag is not set; however there is NUMA interaction support for this OS.
[04:20:17] [Server thread/INFO]: [ca.spottedleaf.moonrise.common.util.MoonriseConstants] Detected 1 NUMA nodes.
[04:20:18] [Server thread/INFO]: Loading 0 persistent chunks for world 'minecraft:overworld'...
[04:20:18] [Server thread/INFO]: Preparing spawn area: 100%
[04:20:18] [Server thread/INFO]: Prepared spawn area in 3 ms
[04:20:18] [Server thread/INFO]: Loading 0 persistent chunks for world 'minecraft:the_nether'...
[04:20:18] [Server thread/INFO]: Prepared spawn area in 1 ms
[04:20:18] [Server thread/INFO]: Loading 0 persistent chunks for world 'minecraft:the_end'...
[04:20:18] [Server thread/INFO]: Prepared spawn area in 1 ms
[04:20:18] [Server thread/INFO]: Done preparing level "world" (0.576s)
[04:20:18] [Server thread/INFO]: [ViaVersion] Enabling ViaVersion v5.7.1
[04:20:18] [Server thread/INFO]: [ViaVersion] ViaVersion detected server version: 1.21.11 (774)
[04:20:18] [Server thread/INFO]: [floodgate] Enabling floodgate v2.2.4-SNAPSHOT (b118-40d320a)
[04:20:18] [Server thread/WARN]: [floodgate] "floodgate v2.2.4-SNAPSHOT (b118-40d320a)" has registered a listener for org.spigotmc.event.player.PlayerSpawnLocationEvent on method "void org.geysermc.floodgate.shadow.org.incendo.cloud.bukkit.CloudBukkitListener.onPlayerLogin(org.spigotmc.event.player.PlayerSpawnLocationEvent)", but the event is Deprecated. "Listening to this event causes the player to be created early. Using the player from this event will result in undefined behavior. Prefer AsyncPlayerSpawnLocationEvent."; please notify the authors [GeyserMC].
[04:20:18] [Server thread/INFO]: [ViaBackwards] Enabling ViaBackwards v5.7.1
[04:20:18] [Server thread/INFO]: [Geyser-Spigot] Enabling Geyser-Spigot v2.9.3-SNAPSHOT
[04:20:20] [Server thread/INFO]: [spark] Starting background profiler...
[04:20:21] [Server thread/INFO]: [Geyser-Spigot] ******************************************
[04:20:21] [Server thread/INFO]: [Geyser-Spigot] 
[04:20:21] [Server thread/INFO]: [Geyser-Spigot] Loading Geyser version 2.9.3-b1065 (git-master-15a7df7)
[04:20:21] [Server thread/INFO]: [Geyser-Spigot] 
[04:20:21] [Server thread/INFO]: [Geyser-Spigot] ******************************************
[04:20:25] [Server thread/INFO]: [Geyser-Spigot] Started Geyser on UDP port 1379
[04:20:25] [Server thread/INFO]: [Geyser-Spigot] Done (4.377s)! Run /geyser help for help!
[04:20:25] [Server thread/INFO]: Running delayed init tasks
[04:20:25] [Craft Scheduler Thread - 2 - ViaVersion/INFO]: [ViaVersion] Finished mapping loading, shutting down loader executor.
[04:20:25] [Server thread/INFO]: Done (30.435s)! For help, type "help"
[04:20:26] [Paper Async Task Handler Thread - 1/INFO]: *** Currently you are 17 build(s) behind ***
[04:20:26] [Paper Async Task Handler Thread - 1/INFO]: *** It is highly recommended to download the latest build from https://papermc.io/downloads/paper ***
[04:20:48] [User Authenticator #0/INFO]: UUID of player yon_05 is 72af7eaf-633f-3b45-8b6c-e9653f394461
[04:20:50] [Server thread/INFO]: yon_05 joined the game
[04:20:50] [Server thread/INFO]: yon_05[/127.90.68.19:43777] logged in with entity id 1 at ([world_the_end]-4.664623110508181, 61.0, -2.699999988079071)
[04:22:05] [Server thread/INFO]: yon_05 has made the advancement [Remote Getaway]
[04:34:03] [Server thread/INFO]: yon_05 has made the advancement [The City at the End of the Game]
[04:35:24] [Server thread/WARN]: yon_05 moved too quickly! -2.2376742362976074,-17.415746688842773,5.774991989135742
[04:37:12] [Server thread/WARN]: yon_05 moved too quickly! 5.669133186340332,-72.97804355621338,-7.1995028257369995
[04:38:01] [Server thread/WARN]: yon_05 moved too quickly! 7.780694007873535,-21.032353401184082,3.6781206130981445
[04:44:51] [Server thread/WARN]: yon_05 moved too quickly! 6.190940856933594,-74.58836531639099,-2.1521310806274414
[04:51:02] [Server thread/WARN]: yon_05 moved too quickly! 4.459807395935059,-95.25671005249023,3.8014421463012695
[04:54:07] [Server thread/WARN]: yon_05 moved too quickly! -6.518720388412476,-19.644688606262207,-5.757980108261108
[05:06:10] [Server thread/INFO]: yon_05 issued server command: /gamemode creative
[05:06:10] [Server thread/INFO]: [yon_05: Set own game mode to Creative Mode]
[05:08:19] [Server thread/INFO]: yon_05 issued server command: /locate structure minecraft:end_city
[05:08:19] [Server thread/INFO]: Locating element minecraft:end_city took 4 ms
[05:08:32] [Server thread/INFO]: yon_05 issued server command: /tp @s -1248 ~ -2224
[05:08:32] [Server thread/INFO]: [yon_05: Teleported yon_05 to -1247.500000, 104.743136, -2223.500000]
[05:08:44] [Server thread/INFO]: yon_05 issued server command: /locate structure minecraft:end_city
[05:08:44] [Server thread/INFO]: Locating element minecraft:end_city took 0 ms
[05:10:31] [Server thread/INFO]: yon_05 issued server command: /locate structure minecraft:end_city
[05:10:31] [Server thread/INFO]: Locating element minecraft:end_city took 38 ms
[05:10:38] [Server thread/INFO]: yon_05 issued server command: /tp @s -2528 ~ -912
[05:10:38] [Server thread/INFO]: [yon_05: Teleported yon_05 to -2527.500000, 133.615000, -911.500000]
[05:12:40] [Server thread/INFO]: yon_05 has reached the goal [Sky's the Limit]
[05:12:52] [Server thread/INFO]: yon_05 issued server command: /gamemode
[05:12:59] [Server thread/INFO]: yon_05 issued server command: /gamemode survival
[05:12:59] [Server thread/INFO]: [yon_05: Set own game mode to Survival Mode]
[05:13:16] [Server thread/INFO]: yon_05 has made the advancement [Local Brewery]
[05:13:25] [Server thread/INFO]: yon_05 fell from a high place
[05:14:28] [Server thread/INFO]: yon_05 was slain by Husk
[05:14:43] [Server thread/INFO]: yon_05 issued server command: /execute in minecraft:the_end run tp yon_05 -2517.5 55 -833.5
[05:14:43] [Server thread/INFO]: [yon_05: Teleported yon_05 to -2517.500000, 55.000000, -833.500000]
[05:15:58] [Server thread/INFO]: yon_05 fell from a high place
[05:16:13] [Server thread/INFO]: yon_05 issued server command: /execute in minecraft:the_end run tp yon_05 -2517.5 55 -833.5
[05:16:13] [Server thread/INFO]: [yon_05: Teleported yon_05 to -2517.500000, 55.000000, -833.500000]
[05:20:43] [Server thread/INFO]: yon_05 has reached the goal [The Next Generation]
[05:21:14] [Server thread/INFO]: yon_05 issued server command: /gamemode creative
[05:21:14] [Server thread/INFO]: [yon_05: Set own game mode to Creative Mode]
[05:21:56] [Server thread/INFO]: yon_05 issued server command: /gamemode survival
[05:21:56] [Server thread/INFO]: [yon_05: Set own game mode to Survival Mode]
[05:27:06] [Server thread/INFO]: yon_05 has made the advancement [Enchanter]
[05:32:19] [Server thread/INFO]: yon_05 issued server command: /gamemode creative
[05:32:19] [Server thread/INFO]: [yon_05: Set own game mode to Creative Mode]
[05:36:49] [Server thread/INFO]: yon_05 issued server command: /gamemode survival
[05:36:49] [Server thread/INFO]: [yon_05: Set own game mode to Survival Mode]
[05:37:09] [Server thread/INFO]: yon_05 issued server command: /gamemode creative
[05:37:09] [Server thread/INFO]: [yon_05: Set own game mode to Creative Mode]
[05:52:13] [Server thread/INFO]: Villager Villager['Nitwit'/19110, uuid='ca761e82-8b57-4488-93a0-b4a65c5308f7', l='ServerLevel[world]', x=-203.67, y=63.00, z=555.40, cpos=[-13, 34], tl=22347, v=true] died, message: 'Nitwit was slain by Zombie'
